----------   Running  Command   ---------- 

COMMAND: /Users/alyssacote/smartsim/SmartSim/smartsim/_core/bin/redis-server /Users/alyssacote/smartsim/SmartSim/smartsim/_core/config/redis.conf --loadmodule /Users/alyssacote/smartsim/SmartSim/smartsim/_core/lib/redisai.so --port 6379 --bind 127.0.0.1 --bind-source-addr 127.0.0.1

IPADDRESS: 127.0.0.1

NETWORK: lo

------------------------------ 


----------   Output   ---------- 


76099:C 13 Sep 2023 16:04:01.725 # oO0OoO0OoO0Oo Redis is starting oO0OoO0OoO0Oo
76099:C 13 Sep 2023 16:04:01.725 # Redis version=7.0.5, bits=64, commit=1571907e, modified=0, pid=76099, just started
76099:C 13 Sep 2023 16:04:01.725 # Configuration loaded
76099:M 13 Sep 2023 16:04:01.726 * monotonic clock: POSIX clock_gettime
                _._
           _.-``__ ''-._
      _.-``    `.  `_.  ''-._           Redis 7.0.5 (1571907e/0) 64 bit
  .-`` .-```.  ```\/    _.,_ ''-._
 (    '      ,       .-`  | `,    )     Running in standalone mode
 |`-._`-...-` __...-.``-._|'` _.-'|     Port: 6379
 |    `-._   `._    /     _.-'    |     PID: 76099
  `-._    `-._  `-./  _.-'    _.-'
 |`-._`-._    `-.__.-'    _.-'_.-'|
 |    `-._`-._        _.-'_.-'    |           https://redis.io
  `-._    `-._`-.__.-'_.-'    _.-'
 |`-._`-._    `-.__.-'    _.-'_.-'|
 |    `-._`-._        _.-'_.-'    |
  `-._    `-._`-.__.-'_.-'    _.-'
      `-._    `-.__.-'    _.-'
          `-._        _.-'
              `-.__.-'

76099:M 13 Sep 2023 16:04:01.727 # Server initialized
76099:M 13 Sep 2023 16:04:01.766 * <ai> Redis version found by RedisAI: 7.0.5 - oss
76099:M 13 Sep 2023 16:04:01.766 * <ai> RedisAI version 10207, git_sha=1bf38d86233ba06e1350ca9de794df2b07cdb274
76099:M 13 Sep 2023 16:04:01.766 * Module 'ai' loaded from /Users/alyssacote/smartsim/SmartSim/smartsim/_core/lib/redisai.so
76099:M 13 Sep 2023 16:04:01.767 * Loading RDB produced by version 7.0.5
76099:M 13 Sep 2023 16:04:01.767 * RDB age 4840935 seconds
76099:M 13 Sep 2023 16:04:01.767 * RDB memory usage when created 4.05 Mb
76099:M 13 Sep 2023 16:04:01.767 * Done loading RDB, keys loaded: 0, keys expired: 0.
76099:M 13 Sep 2023 16:04:01.767 * DB loaded from disk: 0.001 seconds
76099:M 13 Sep 2023 16:04:01.767 * Ready to accept connections
